
> whale-alert-pro@3.0.2 build
> echo 'LEGENDARY_BUILD_777' && prisma generate && prisma db push --accept-data-loss && cross-env NODE_OPTIONS="--max-old-space-size=4096" next build

'LEGENDARY_BUILD_777' 
npm : Environment variables loaded from .env
En línea: 1 Carácter: 1
+ npm run build > build-errors.txt 2>&1
+ ~~~~~~~~~~~~~~~~~~~~~~~~~~~~~~~~~~~~~
    + CategoryInfo          : NotSpecified: (Environment variables loaded from .env:String) [], RemoteException
    + FullyQualifiedErrorId : NativeCommandError
 
Prisma schema loaded from prisma\schema.prisma

Ô£ö Generated Prisma Client (v6.19.2) to .\node_modules\@prisma\client in 557ms

Start by importing your Prisma Client (See: https://pris.ly/d/importing-client)

Tip: Interested in query caching in just a few lines of code? Try Accelerate today! https://pris.ly/tip-3-accelerate

Environment variables loaded from .env
Prisma schema loaded from prisma\schema.prisma
Datasource "db": PostgreSQL database "railway", schema "public" at "nozomi.proxy.rlwy.net:38927"

The database is already in sync with the Prisma schema.

Running generate... (Use --skip-generate to skip the generators)
[2K[1A[2K[GRunning generate... - Prisma Client
[2K[1A[2K[GÔ£ö Generated Prisma Client (v6.19.2) to .\node_modules\@prisma\client in 653ms

[LOTTIE SYNC] Successfully mapped Connected world.json -> Whale Mission.json
[LOTTIE SYNC] Successfully mapped Abstract Isometric Loader #1.json -> block abstract.json
[LOTTIE SYNC] Successfully mapped Payment Success.json -> Transaction Complete.json
   Ôû▓ Next.js 15.5.12
   - Environments: .env.local, .env
   - Experiments (use with caution):
     ┬À serverActions
     ┬À optimizePackageImports

   Creating an optimized production build ...
Failed to compile.

./app/api/brc/route.ts
Module not found: Can't resolve '@/services/scanner/bsv-brc-sync'

https://nextjs.org/docs/messages/module-not-found


> Build failed because of webpack errors
